// Jest Snapshot v1, https://goo.gl/fbAQLP

exports[`Button component Should match the snapshot 1`] = `
<DocumentFragment>
  <button
    backgroundcolor="blue"
    class="sc-beySPh iEjciT"
  >
    Click me
  </button>
</DocumentFragment>
`;
